{
    "prepare_variogram_matrices": {
        "azimuth_matrix": [
            [
                NaN,
                85.62921171311494,
                58.63368652966955,
                -67.58771761428689,
                84.36320720644414
            ],
            [
                85.62921171311494,
                NaN,
                -52.64076060004619,
                79.56961395651349,
                52.921929841311446
            ],
            [
                58.63368652966955,
                -52.64076060004619,
                NaN,
                43.95070845026178,
                -57.32032361551085
            ],
            [
                -67.58771761428689,
                79.56961395651349,
                43.95070845026178,
                NaN,
                78.31690444374267
            ],
            [
                84.36320720644414,
                52.921929841311446,
                -57.32032361551085,
                78.31690444374267,
                NaN
            ]
        ],
        "lag_matrix": [
            [
                1,
                448,
                321,
                88,
                464
            ],
            [
                448,
                1,
                219,
                373,
                20
            ],
            [
                321,
                219,
                1,
                278,
                225
            ],
            [
                88,
                373,
                278,
                1,
                390
            ],
            [
                464,
                20,
                225,
                390,
                1
            ]
        ],
        "is_numpy": [
            "azimuth_matrix",
            "lag_matrix"
        ],
        "is_pandas": []
    }
}